Total: 4
Charmander is eating food. [Str: 8->10, Spd: 8->10]
Charmander is eating food. [Str: 10->12, Spd: 10->12]
Piplup is eating food. [Str: 7->8, Spd: 5->8]
Power: 258 vs. 192
Charmander wins!
Power: 144 vs. 172
Charmander wins!
Power: 262 vs. 96
Pikachu wins!
ID: 1, Type: Charmander, Str: 12, Spd: 12
